line={pinkearwax@email.com real!!!123} thingamabob=example_value
line={pinkearwax@email.com real!!!123} thingamabob=example_value
line={pinkearwax@email.com real!!!123} thingamabob=example_value
line={pinkearwax@email.com real!!!123} thingamabob=example_value
line={pinkearwax@email.com real!!!123} thingamabob=example_value
line={pinkearwax@email.com real!!!123} thingamabob=example_value
line={pinkearwax@email.com real!!!123} thingamabob=example_value
line={pinkearwax@email.com real!!!123} thingamabob=example_value
line={pinkearwax@email.com real!!!123} thingamabob=example_value
line={pinkearwax@email.com real!!!123} thingamabob=example_value
